
 /----------------------------------------------------------------------------\
 |  yosys -- Yosys Open SYnthesis Suite                                       |
 |  Copyright (C) 2012 - 2026  Claire Xenia Wolf <claire@yosyshq.com>         |
 |  Distributed under an ISC-like license, type "license" to see terms        |
 \----------------------------------------------------------------------------/
 Yosys 0.68+post (git sha1 c12172fbae8af5e20f6fb52e3d4e92d56ed587b6, Release, AppleClang clang++ 17.0.0.17000604)

-- Executing script file `out/equiv.ys' --

1. Executing Verilog-2005 frontend: samples/sample.v
Parsing Verilog input from `samples/sample.v' to AST representation.
Generating RTLIL representation for module `\shift_register'.
Generating RTLIL representation for module `\adder8'.
Generating RTLIL representation for module `\comparator496'.
Generating RTLIL representation for module `\adder_demo'.
Successfully finished Verilog frontend.

2. Executing PREP pass.

2.1. Executing HIERARCHY pass (managing design hierarchy).

2.1.1. Analyzing design hierarchy..
Top module:  \adder_demo
Used module:     \comparator496
Used module:     \adder8
Used module:     \shift_register

2.1.2. Analyzing design hierarchy..
Top module:  \adder_demo
Used module:     \comparator496
Used module:     \adder8
Used module:     \shift_register
Removed 0 unused modules.

2.2. Executing PROC pass (convert processes to netlists).

2.2.1. Executing PROC_CLEAN pass (remove empty switches from decision trees).
Cleaned up 0 empty switches.

2.2.2. Executing PROC_RMDEAD pass (remove dead branches from decision trees).
Marked 1 switch rules as full_case in process $proc$samples/sample.v:10$1 in module shift_register.
Removed a total of 0 dead cases.

2.2.3. Executing PROC_PRUNE pass (remove redundant assignments in processes).
Removed 0 redundant assignments.
Promoted 0 assignments to connections.

2.2.4. Executing PROC_INIT pass (extract init attributes).

2.2.5. Executing PROC_ARST pass (detect async resets in processes).
Found async reset \rst_n in `\shift_register.$proc$samples/sample.v:10$1'.

2.2.6. Executing PROC_ROM pass (convert switches to ROMs).
Converted 0 switches.
<suppressed ~1 debug messages>

2.2.7. Executing PROC_MUX pass (convert decision trees to multiplexers).
Creating decoders for process `\shift_register.$proc$samples/sample.v:10$1'.
     1/1: $0\parallel_out[7:0]

2.2.8. Executing PROC_DLATCH pass (convert process syncs to latches).

2.2.9. Executing PROC_DFF pass (convert process syncs to FFs).
Creating register for signal `\shift_register.\parallel_out' using process `\shift_register.$proc$samples/sample.v:10$1'.
  created $adff cell `$procdff$11' with positive edge clock and positive level reset.

2.2.10. Executing PROC_MEMWR pass (convert process memory writes to cells).

2.2.11. Executing PROC_CLEAN pass (remove empty switches from decision trees).
Found and cleaned up 1 empty switch in `\shift_register.$proc$samples/sample.v:10$1'.
Removing empty process `shift_register.$proc$samples/sample.v:10$1'.
Cleaned up 1 empty switch.

2.2.12. Executing OPT_EXPR pass (perform const folding).
Optimizing module adder_demo.
Optimizing module comparator496.
Optimizing module adder8.
Optimizing module shift_register.
<suppressed ~2 debug messages>

2.3. Executing FLATTEN pass (flatten design).
Deleting now unused module comparator496.
Deleting now unused module adder8.
Deleting now unused module shift_register.
<suppressed ~4 debug messages>

2.4. Executing FUTURE pass.

2.5. Executing OPT_EXPR pass (perform const folding).
Optimizing module adder_demo.

2.6. Executing OPT_CLEAN pass (remove unused cells and wires).
Finding unused cells or wires in module \adder_demo..
Removed 4 unused cells and 12 unused wires.
<suppressed ~5 debug messages>

2.7. Executing CHECK pass (checking for obvious problems).
Checking module adder_demo...
Found and reported 0 problems.

2.8. Executing OPT pass (performing simple optimizations).

2.8.1. Executing OPT_EXPR pass (perform const folding).
Optimizing module adder_demo.

2.8.2. Executing OPT_MERGE pass (detect identical cells).
Finding identical cells in module `\adder_demo'.
Computing hashes of 10 cells of `\adder_demo'.
Finding duplicate cells in `\adder_demo'.
Removed a total of 0 cells.

2.8.3. Executing OPT_MUXTREE pass (detect dead branches in mux trees).
Running muxtree optimizer on module \adder_demo..
  Creating internal representation of mux trees.
  Evaluating internal representation of mux trees.
  Analyzing evaluation results.
Removed 0 multiplexer ports.
<suppressed ~4 debug messages>

2.8.4. Executing OPT_REDUCE pass (consolidate $*mux and $reduce_* inputs).
  Optimizing cells in module \adder_demo.
Performed a total of 0 changes.

2.8.5. Executing OPT_MERGE pass (detect identical cells).
Finding identical cells in module `\adder_demo'.
Computing hashes of 10 cells of `\adder_demo'.
Finding duplicate cells in `\adder_demo'.
Removed a total of 0 cells.

2.8.6. Executing OPT_CLEAN pass (remove unused cells and wires).
Finding unused cells or wires in module \adder_demo..

2.8.7. Executing OPT_EXPR pass (perform const folding).
Optimizing module adder_demo.

2.8.8. Finished fast OPT passes. (There is nothing left to do.)

2.9. Executing WREDUCE pass (reducing word size of cells).

2.10. Executing OPT_CLEAN pass (remove unused cells and wires).
Finding unused cells or wires in module \adder_demo..

2.11. Executing MEMORY_COLLECT pass (generating $mem cells).

2.12. Executing OPT pass (performing simple optimizations).

2.12.1. Executing OPT_EXPR pass (perform const folding).
Optimizing module adder_demo.

2.12.2. Executing OPT_MERGE pass (detect identical cells).
Finding identical cells in module `\adder_demo'.
Computing hashes of 10 cells of `\adder_demo'.
Finding duplicate cells in `\adder_demo'.
Removed a total of 0 cells.

2.12.3. Executing OPT_CLEAN pass (remove unused cells and wires).
Finding unused cells or wires in module \adder_demo..

2.12.4. Finished fast OPT passes.

2.13. Executing SORT pass.

2.14. Printing statistics.

=== adder_demo ===

        +----------Local Count, excluding submodules.
        | 
       26 wires
      106 wire bits
       24 public wires
       90 public wire bits
        6 ports
        6 port bits
       10 cells
        1   $add
        2   $adff
        1   $eq
        2   $mux
        4   $scopeinfo

2.15. Executing CHECK pass (checking for obvious problems).
Checking module adder_demo...
Found and reported 0 problems.

3. Executing ASYNC2SYNC pass.
Replacing adder_demo.$flatten\sr_a.$procdff$11 ($adff): ARST=\rst_n, D=$flatten\sr_a.$0\parallel_out[7:0], Q=\sr_a.parallel_out
Replacing adder_demo.$flatten\sr_b.$procdff$11 ($adff): ARST=\rst_n, D=$flatten\sr_b.$0\parallel_out[7:0], Q=\sr_b.parallel_out

4. Executing Verilog-2005 frontend: out/primitives.v
Parsing Verilog input from `out/primitives.v' to AST representation.
Generating RTLIL representation for module `\AND2'.
Generating RTLIL representation for module `\AND3'.
Generating RTLIL representation for module `\AND4'.
Generating RTLIL representation for module `\AND4BB'.
Generating RTLIL representation for module `\OR2'.
Generating RTLIL representation for module `\OR3'.
Generating RTLIL representation for module `\NAND2'.
Generating RTLIL representation for module `\NAND3'.
Generating RTLIL representation for module `\NOR2'.
Generating RTLIL representation for module `\NOR3'.
Generating RTLIL representation for module `\XOR2'.
Generating RTLIL representation for module `\XNOR2'.
Generating RTLIL representation for module `\INV'.
Generating RTLIL representation for module `\BUF'.
Generating RTLIL representation for module `\MUX2'.
Generating RTLIL representation for module `\MUX2I'.
Generating RTLIL representation for module `\AO21'.
Generating RTLIL representation for module `\AOI21'.
Generating RTLIL representation for module `\AO21B'.
Generating RTLIL representation for module `\AOI21B'.
Generating RTLIL representation for module `\AO31'.
Generating RTLIL representation for module `\AOI31'.
Generating RTLIL representation for module `\AO22'.
Generating RTLIL representation for module `\AOI22'.
Generating RTLIL representation for module `\OA21'.
Generating RTLIL representation for module `\OAI21'.
Generating RTLIL representation for module `\OAI21B'.
Generating RTLIL representation for module `\OAI31'.
Generating RTLIL representation for module `\OAI22'.
Generating RTLIL representation for module `\DFF'.
Generating RTLIL representation for module `\DFFR'.
Generating RTLIL representation for module `\DFFS'.
Generating RTLIL representation for module `\DFFSR'.
Generating RTLIL representation for module `\DLATCH'.
Successfully finished Verilog frontend.

5. Executing Verilog-2005 frontend: out/adder_demo.generic.v
Parsing Verilog input from `out/adder_demo.generic.v' to AST representation.
Generating RTLIL representation for module `\adder_demo'.
Successfully finished Verilog frontend.

6. Executing PREP pass.

6.1. Executing HIERARCHY pass (managing design hierarchy).

6.1.1. Analyzing design hierarchy..
Top module:  \adder_demo
Used module:     \XOR2
Used module:     \XNOR2
Used module:     \OR2
Used module:     \OAI21B
Used module:     \NOR2
Used module:     \NAND2
Used module:     \MUX2
Used module:     \DFFR
Used module:     \BUF
Used module:     \AND4BB
Used module:     \AND3
Used module:     \AND2
Used module:     \AO31
Used module:     \AO21
Used module:     \AOI21B
Used module:     \AO21B

6.1.2. Analyzing design hierarchy..
Top module:  \adder_demo
Used module:     \XOR2
Used module:     \XNOR2
Used module:     \OR2
Used module:     \OAI21B
Used module:     \NOR2
Used module:     \NAND2
Used module:     \MUX2
Used module:     \DFFR
Used module:     \BUF
Used module:     \AND4BB
Used module:     \AND3
Used module:     \AND2
Used module:     \AO31
Used module:     \AO21
Used module:     \AOI21B
Used module:     \AO21B
Removing unused module `\DLATCH'.
Removing unused module `\DFFSR'.
Removing unused module `\DFFS'.
Removing unused module `\DFF'.
Removing unused module `\OAI22'.
Removing unused module `\OAI31'.
Removing unused module `\OAI21'.
Removing unused module `\OA21'.
Removing unused module `\AOI22'.
Removing unused module `\AO22'.
Removing unused module `\AOI31'.
Removing unused module `\AOI21'.
Removing unused module `\MUX2I'.
Removing unused module `\INV'.
Removing unused module `\NOR3'.
Removing unused module `\NAND3'.
Removing unused module `\OR3'.
Removing unused module `\AND4'.
Removed 18 unused modules.

6.2. Executing PROC pass (convert processes to netlists).

6.2.1. Executing PROC_CLEAN pass (remove empty switches from decision trees).
Cleaned up 0 empty switches.

6.2.2. Executing PROC_RMDEAD pass (remove dead branches from decision trees).
Marked 1 switch rules as full_case in process $proc$out/primitives.v:186$578 in module DFFR.
Removed a total of 0 dead cases.

6.2.3. Executing PROC_PRUNE pass (remove redundant assignments in processes).
Removed 1 redundant assignment.
Promoted 0 assignments to connections.

6.2.4. Executing PROC_INIT pass (extract init attributes).

6.2.5. Executing PROC_ARST pass (detect async resets in processes).
Found async reset \RESET_B in `\DFFR.$proc$out/primitives.v:186$578'.

6.2.6. Executing PROC_ROM pass (convert switches to ROMs).
Converted 0 switches.

6.2.7. Executing PROC_MUX pass (convert decision trees to multiplexers).
Creating decoders for process `\DFFR.$proc$out/primitives.v:186$578'.
     1/1: $0\Q[0:0]

6.2.8. Executing PROC_DLATCH pass (convert process syncs to latches).

6.2.9. Executing PROC_DFF pass (convert process syncs to FFs).
Creating register for signal `\DFFR.\Q' using process `\DFFR.$proc$out/primitives.v:186$578'.
  created $adff cell `$procdff$588' with positive edge clock and positive level reset.

6.2.10. Executing PROC_MEMWR pass (convert process memory writes to cells).

6.2.11. Executing PROC_CLEAN pass (remove empty switches from decision trees).
Removing empty process `DFFR.$proc$out/primitives.v:186$578'.
Cleaned up 0 empty switches.

6.2.12. Executing OPT_EXPR pass (perform const folding).
Optimizing module AO21.
Optimizing module DFFR.
<suppressed ~2 debug messages>
Optimizing module MUX2.
Optimizing module BUF.
Optimizing module adder_demo.
Optimizing module XNOR2.
Optimizing module XOR2.
Optimizing module AO31.
Optimizing module NOR2.
Optimizing module AOI21B.
Optimizing module NAND2.
Optimizing module AO21B.
Optimizing module OR2.
Optimizing module AND4BB.
Optimizing module OAI21B.
Optimizing module AND3.
Optimizing module AND2.

6.3. Executing FLATTEN pass (flatten design).
Deleting now unused module AO21.
Deleting now unused module DFFR.
Deleting now unused module MUX2.
Deleting now unused module BUF.
Deleting now unused module XNOR2.
Deleting now unused module XOR2.
Deleting now unused module AO31.
Deleting now unused module NOR2.
Deleting now unused module AOI21B.
Deleting now unused module NAND2.
Deleting now unused module AO21B.
Deleting now unused module OR2.
Deleting now unused module AND4BB.
Deleting now unused module OAI21B.
Deleting now unused module AND3.
Deleting now unused module AND2.
<suppressed ~79 debug messages>

6.4. Executing FUTURE pass.

6.5. Executing OPT_EXPR pass (perform const folding).
Optimizing module adder_demo.

6.6. Executing OPT_CLEAN pass (remove unused cells and wires).
Finding unused cells or wires in module \adder_demo..
Removed 32 unused cells and 124 unused wires.
<suppressed ~33 debug messages>

6.7. Executing CHECK pass (checking for obvious problems).
Checking module adder_demo...
Found and reported 0 problems.

6.8. Executing OPT pass (performing simple optimizations).

6.8.1. Executing OPT_EXPR pass (perform const folding).
Optimizing module adder_demo.

6.8.2. Executing OPT_MERGE pass (detect identical cells).
Finding identical cells in module `\adder_demo'.
Computing hashes of 803 cells of `\adder_demo'.
Finding duplicate cells in `\adder_demo'.
Computing hashes of 606 cells of `\adder_demo'.
Finding duplicate cells in `\adder_demo'.
Computing hashes of 562 cells of `\adder_demo'.
Finding duplicate cells in `\adder_demo'.
<suppressed ~723 debug messages>
Removed a total of 241 cells.

6.8.3. Executing OPT_MUXTREE pass (detect dead branches in mux trees).
Running muxtree optimizer on module \adder_demo..
  Creating internal representation of mux trees.
  No muxes found in this module.
Removed 0 multiplexer ports.

6.8.4. Executing OPT_REDUCE pass (consolidate $*mux and $reduce_* inputs).
  Optimizing cells in module \adder_demo.
Performed a total of 0 changes.

6.8.5. Executing OPT_MERGE pass (detect identical cells).
Finding identical cells in module `\adder_demo'.
Computing hashes of 562 cells of `\adder_demo'.
Finding duplicate cells in `\adder_demo'.
Removed a total of 0 cells.

6.8.6. Executing OPT_CLEAN pass (remove unused cells and wires).
Finding unused cells or wires in module \adder_demo..
Removed 0 unused cells and 241 unused wires.
<suppressed ~1 debug messages>

6.8.7. Executing OPT_EXPR pass (perform const folding).
Optimizing module adder_demo.

6.8.8. Rerunning OPT passes. (Maybe there is more to do..)

6.8.9. Executing OPT_MUXTREE pass (detect dead branches in mux trees).
Running muxtree optimizer on module \adder_demo..
  Creating internal representation of mux trees.
  No muxes found in this module.
Removed 0 multiplexer ports.

6.8.10. Executing OPT_REDUCE pass (consolidate $*mux and $reduce_* inputs).
  Optimizing cells in module \adder_demo.
Performed a total of 0 changes.

6.8.11. Executing OPT_MERGE pass (detect identical cells).
Finding identical cells in module `\adder_demo'.
Computing hashes of 562 cells of `\adder_demo'.
Finding duplicate cells in `\adder_demo'.
Removed a total of 0 cells.

6.8.12. Executing OPT_CLEAN pass (remove unused cells and wires).
Finding unused cells or wires in module \adder_demo..

6.8.13. Executing OPT_EXPR pass (perform const folding).
Optimizing module adder_demo.

6.8.14. Finished fast OPT passes. (There is nothing left to do.)

6.9. Executing WREDUCE pass (reducing word size of cells).

6.10. Executing OPT_CLEAN pass (remove unused cells and wires).
Finding unused cells or wires in module \adder_demo..

6.11. Executing MEMORY_COLLECT pass (generating $mem cells).

6.12. Executing OPT pass (performing simple optimizations).

6.12.1. Executing OPT_EXPR pass (perform const folding).
Optimizing module adder_demo.

6.12.2. Executing OPT_MERGE pass (detect identical cells).
Finding identical cells in module `\adder_demo'.
Computing hashes of 562 cells of `\adder_demo'.
Finding duplicate cells in `\adder_demo'.
Removed a total of 0 cells.

6.12.3. Executing OPT_CLEAN pass (remove unused cells and wires).
Finding unused cells or wires in module \adder_demo..

6.12.4. Finished fast OPT passes.

6.13. Executing SORT pass.

6.14. Printing statistics.

=== adder_demo ===

        +----------Local Count, excluding submodules.
        | 
      776 wires
      776 wire bits
      369 public wires
      369 public wire bits
        6 ports
        6 port bits
      562 cells
       16   $adff
      286   $and
       53   $not
      128   $or
       79   $scopeinfo

6.15. Executing CHECK pass (checking for obvious problems).
Checking module adder_demo...
Found and reported 0 problems.

7. Executing ASYNC2SYNC pass.
Replacing adder_demo.$flatten\dfrtp_2_1.$procdff$588 ($adff): ARST=\rst_n, D=\dfrtp_2_1.D, Q=\dfrtp_2_1.Q
Replacing adder_demo.$flatten\dfrtp_2_10.$procdff$588 ($adff): ARST=\rst_n, D=\dfrtp_2_10.D, Q=\dfrtp_2_10.Q
Replacing adder_demo.$flatten\dfrtp_2_11.$procdff$588 ($adff): ARST=\rst_n, D=\dfrtp_2_11.D, Q=\dfrtp_2_11.Q
Replacing adder_demo.$flatten\dfrtp_2_12.$procdff$588 ($adff): ARST=\rst_n, D=\dfrtp_2_12.D, Q=\dfrtp_2_12.Q
Replacing adder_demo.$flatten\dfrtp_2_13.$procdff$588 ($adff): ARST=\rst_n, D=\dfrtp_2_13.D, Q=\dfrtp_2_13.Q
Replacing adder_demo.$flatten\dfrtp_2_14.$procdff$588 ($adff): ARST=\rst_n, D=\dfrtp_2_14.D, Q=\dfrtp_2_14.Q
Replacing adder_demo.$flatten\dfrtp_2_15.$procdff$588 ($adff): ARST=\rst_n, D=\dfrtp_2_15.D, Q=\dfrtp_2_15.Q
Replacing adder_demo.$flatten\dfrtp_2_16.$procdff$588 ($adff): ARST=\rst_n, D=\dfrtp_2_16.D, Q=\dfrtp_2_16.Q
Replacing adder_demo.$flatten\dfrtp_2_2.$procdff$588 ($adff): ARST=\rst_n, D=\dfrtp_2_2.D, Q=\dfrtp_2_2.Q
Replacing adder_demo.$flatten\dfrtp_2_3.$procdff$588 ($adff): ARST=\rst_n, D=\dfrtp_2_3.D, Q=\dfrtp_2_3.Q
Replacing adder_demo.$flatten\dfrtp_2_4.$procdff$588 ($adff): ARST=\rst_n, D=\dfrtp_2_4.D, Q=\dfrtp_2_4.Q
Replacing adder_demo.$flatten\dfrtp_2_5.$procdff$588 ($adff): ARST=\rst_n, D=\dfrtp_2_5.D, Q=\dfrtp_2_5.Q
Replacing adder_demo.$flatten\dfrtp_2_6.$procdff$588 ($adff): ARST=\rst_n, D=\dfrtp_2_6.D, Q=\dfrtp_2_6.Q
Replacing adder_demo.$flatten\dfrtp_2_7.$procdff$588 ($adff): ARST=\rst_n, D=\dfrtp_2_7.D, Q=\dfrtp_2_7.Q
Replacing adder_demo.$flatten\dfrtp_2_8.$procdff$588 ($adff): ARST=\rst_n, D=\dfrtp_2_8.D, Q=\dfrtp_2_8.Q
Replacing adder_demo.$flatten\dfrtp_2_9.$procdff$588 ($adff): ARST=\rst_n, D=\dfrtp_2_9.D, Q=\dfrtp_2_9.Q

8. Executing MITER pass (creating miter circuit).
Creating miter cell "miter" with gold cell "gold" and gate cell "gate".

8.1. Executing FLATTEN pass (flatten design).
<suppressed ~2 debug messages>

8.2. Executing OPT_EXPR pass (perform const folding).
Optimizing module miter.

9. Executing HIERARCHY pass (managing design hierarchy).

9.1. Analyzing design hierarchy..
Top module:  \miter

9.2. Analyzing design hierarchy..
Top module:  \miter
Removing unused module `\gate'.
Removing unused module `\gold'.
Removed 2 unused modules.
Module miter directly or indirectly contains formal properties -> setting "keep" attribute.

10. Executing SAT pass (solving SAT problems in the circuit).
Using SAT solver `minisat`.

Setting up time step 1:
Final constraint equation: { } = { }
Imported 595 cells to SAT database.
Final init constraint equation: { $flatten\gold.$auto$async2sync.cc:253:execute$18 $flatten\gold.$auto$async2sync.cc:253:execute$16 $flatten\gate.$auto$async2sync.cc:253:execute$698 $flatten\gate.$auto$async2sync.cc:253:execute$696 $flatten\gate.$auto$async2sync.cc:253:execute$694 $flatten\gate.$auto$async2sync.cc:253:execute$692 $flatten\gate.$auto$async2sync.cc:253:execute$690 $flatten\gate.$auto$async2sync.cc:253:execute$688 $flatten\gate.$auto$async2sync.cc:253:execute$686 $flatten\gate.$auto$async2sync.cc:253:execute$684 $flatten\gate.$auto$async2sync.cc:253:execute$682 $flatten\gate.$auto$async2sync.cc:253:execute$680 $flatten\gate.$auto$async2sync.cc:253:execute$678 $flatten\gate.$auto$async2sync.cc:253:execute$676 $flatten\gate.$auto$async2sync.cc:253:execute$674 $flatten\gate.$auto$async2sync.cc:253:execute$672 $flatten\gate.$auto$async2sync.cc:253:execute$670 $flatten\gate.$auto$async2sync.cc:253:execute$668 } = 0

Setting up time step 2:
Final constraint equation: { } = { }
Imported 595 cells to SAT database.

Setting up time step 3:
Final constraint equation: { } = { }
Imported 595 cells to SAT database.

Setting up time step 4:
Final constraint equation: { } = { }
Imported 595 cells to SAT database.

Setting up time step 1:
Final constraint equation: { } = { }
Imported 595 cells to SAT database.
Import proof for assert: $auto$miter.cc:241:create_miter_equiv$701 when 1'1.

** Trying induction with length 1 **

Setting up time step 5:
Final constraint equation: { } = { }
Imported 595 cells to SAT database.
Import proof for assert: $auto$miter.cc:241:create_miter_equiv$701 when 1'1.

[base case 1] Solving problem with 14516 variables and 37934 clauses..
Base case for induction length 1 proven.

Setting up time step 2:
Final constraint equation: { } = { }
Imported 595 cells to SAT database.
Import proof for assert: $auto$miter.cc:241:create_miter_equiv$701 when 1'1.

[induction step 1] Solving problem with 5686 variables and 14779 clauses..
Induction step failed. Incrementing induction length.

  Time Signal Name                                                    Dec       Hex           Bin
  ---- ------------------------------------------------------ ----------- --------- -------------
  init $flatten\gate.$auto$async2sync.cc:253:execute$668                1         1             1
  init $flatten\gate.$auto$async2sync.cc:253:execute$670                0         0             0
  init $flatten\gate.$auto$async2sync.cc:253:execute$672                0         0             0
  init $flatten\gate.$auto$async2sync.cc:253:execute$674                1         1             1
  init $flatten\gate.$auto$async2sync.cc:253:execute$676                0         0             0
  init $flatten\gate.$auto$async2sync.cc:253:execute$678                1         1             1
  init $flatten\gate.$auto$async2sync.cc:253:execute$680                0         0             0
  init $flatten\gate.$auto$async2sync.cc:253:execute$682                1         1             1
  init $flatten\gate.$auto$async2sync.cc:253:execute$684                0         0             0
  init $flatten\gate.$auto$async2sync.cc:253:execute$686                1         1             1
  init $flatten\gate.$auto$async2sync.cc:253:execute$688                1         1             1
  init $flatten\gate.$auto$async2sync.cc:253:execute$690                1         1             1
  init $flatten\gate.$auto$async2sync.cc:253:execute$692                1         1             1
  init $flatten\gate.$auto$async2sync.cc:253:execute$694                1         1             1
  init $flatten\gate.$auto$async2sync.cc:253:execute$696                1         1             1
  init $flatten\gate.$auto$async2sync.cc:253:execute$698                1         1             1
  init $flatten\gold.$auto$async2sync.cc:253:execute$16               253        fd      11111101
  init $flatten\gold.$auto$async2sync.cc:253:execute$18               251        fb      11111011

** Trying induction with length 2 **

Setting up time step 6:
Final constraint equation: { } = { }
Imported 595 cells to SAT database.
Import proof for assert: $auto$miter.cc:241:create_miter_equiv$701 when 1'1.

[base case 2] Solving problem with 17535 variables and 45901 clauses..
Base case for induction length 2 proven.

Setting up time step 3:
Final constraint equation: { } = { }
Imported 595 cells to SAT database.
Import proof for assert: $auto$miter.cc:241:create_miter_equiv$701 when 1'1.

[induction step 2] Solving problem with 8802 variables and 23068 clauses..
Induction step failed. Incrementing induction length.

  Time Signal Name                                                    Dec       Hex           Bin
  ---- ------------------------------------------------------ ----------- --------- -------------
  init $flatten\gate.$auto$async2sync.cc:253:execute$668                0         0             0
  init $flatten\gate.$auto$async2sync.cc:253:execute$670                1         1             1
  init $flatten\gate.$auto$async2sync.cc:253:execute$672                0         0             0
  init $flatten\gate.$auto$async2sync.cc:253:execute$674                0         0             0
  init $flatten\gate.$auto$async2sync.cc:253:execute$676                1         1             1
  init $flatten\gate.$auto$async2sync.cc:253:execute$678                1         1             1
  init $flatten\gate.$auto$async2sync.cc:253:execute$680                0         0             0
  init $flatten\gate.$auto$async2sync.cc:253:execute$682                1         1             1
  init $flatten\gate.$auto$async2sync.cc:253:execute$684                0         0             0
  init $flatten\gate.$auto$async2sync.cc:253:execute$686                0         0             0
  init $flatten\gate.$auto$async2sync.cc:253:execute$688                0         0             0
  init $flatten\gate.$auto$async2sync.cc:253:execute$690                0         0             0
  init $flatten\gate.$auto$async2sync.cc:253:execute$692                0         0             0
  init $flatten\gate.$auto$async2sync.cc:253:execute$694                1         1             1
  init $flatten\gate.$auto$async2sync.cc:253:execute$696                0         0             0
  init $flatten\gate.$auto$async2sync.cc:253:execute$698                1         1             1
  init $flatten\gold.$auto$async2sync.cc:253:execute$16               252        fc      11111100
  init $flatten\gold.$auto$async2sync.cc:253:execute$18               252        fc      11111100

** Trying induction with length 3 **

Setting up time step 7:
Final constraint equation: { } = { }
Imported 595 cells to SAT database.
Import proof for assert: $auto$miter.cc:241:create_miter_equiv$701 when 1'1.

[base case 3] Solving problem with 20651 variables and 54190 clauses..
Base case for induction length 3 proven.

Setting up time step 4:
Final constraint equation: { } = { }
Imported 595 cells to SAT database.
Import proof for assert: $auto$miter.cc:241:create_miter_equiv$701 when 1'1.

[induction step 3] Solving problem with 12015 variables and 31679 clauses..
Induction step failed. Incrementing induction length.

  Time Signal Name                                                    Dec       Hex           Bin
  ---- ------------------------------------------------------ ----------- --------- -------------
  init $flatten\gate.$auto$async2sync.cc:253:execute$668                1         1             1
  init $flatten\gate.$auto$async2sync.cc:253:execute$670                0         0             0
  init $flatten\gate.$auto$async2sync.cc:253:execute$672                1         1             1
  init $flatten\gate.$auto$async2sync.cc:253:execute$674                1         1             1
  init $flatten\gate.$auto$async2sync.cc:253:execute$676                1         1             1
  init $flatten\gate.$auto$async2sync.cc:253:execute$678                1         1             1
  init $flatten\gate.$auto$async2sync.cc:253:execute$680                1         1             1
  init $flatten\gate.$auto$async2sync.cc:253:execute$682                1         1             1
  init $flatten\gate.$auto$async2sync.cc:253:execute$684                1         1             1
  init $flatten\gate.$auto$async2sync.cc:253:execute$686                1         1             1
  init $flatten\gate.$auto$async2sync.cc:253:execute$688                1         1             1
  init $flatten\gate.$auto$async2sync.cc:253:execute$690                1         1             1
  init $flatten\gate.$auto$async2sync.cc:253:execute$692                1         1             1
  init $flatten\gate.$auto$async2sync.cc:253:execute$694                0         0             0
  init $flatten\gate.$auto$async2sync.cc:253:execute$696                1         1             1
  init $flatten\gate.$auto$async2sync.cc:253:execute$698                1         1             1
  init $flatten\gold.$auto$async2sync.cc:253:execute$16               236        ec      11101100
  init $flatten\gold.$auto$async2sync.cc:253:execute$18               252        fc      11111100

** Trying induction with length 4 **

Setting up time step 8:
Final constraint equation: { } = { }
Imported 595 cells to SAT database.
Import proof for assert: $auto$miter.cc:241:create_miter_equiv$701 when 1'1.

[base case 4] Solving problem with 23864 variables and 62801 clauses..
Base case for induction length 4 proven.

Setting up time step 5:
Final constraint equation: { } = { }
Imported 595 cells to SAT database.
Import proof for assert: $auto$miter.cc:241:create_miter_equiv$701 when 1'1.

[induction step 4] Solving problem with 15325 variables and 40612 clauses..
Induction step failed. Incrementing induction length.

  Time Signal Name                                                    Dec       Hex           Bin
  ---- ------------------------------------------------------ ----------- --------- -------------
  init $flatten\gate.$auto$async2sync.cc:253:execute$668                1         1             1
  init $flatten\gate.$auto$async2sync.cc:253:execute$670                0         0             0
  init $flatten\gate.$auto$async2sync.cc:253:execute$672                0         0             0
  init $flatten\gate.$auto$async2sync.cc:253:execute$674                1         1             1
  init $flatten\gate.$auto$async2sync.cc:253:execute$676                0         0             0
  init $flatten\gate.$auto$async2sync.cc:253:execute$678                0         0             0
  init $flatten\gate.$auto$async2sync.cc:253:execute$680                1         1             1
  init $flatten\gate.$auto$async2sync.cc:253:execute$682                0         0             0
  init $flatten\gate.$auto$async2sync.cc:253:execute$684                0         0             0
  init $flatten\gate.$auto$async2sync.cc:253:execute$686                0         0             0
  init $flatten\gate.$auto$async2sync.cc:253:execute$688                1         1             1
  init $flatten\gate.$auto$async2sync.cc:253:execute$690                0         0             0
  init $flatten\gate.$auto$async2sync.cc:253:execute$692                1         1             1
  init $flatten\gate.$auto$async2sync.cc:253:execute$694                0         0             0
  init $flatten\gate.$auto$async2sync.cc:253:execute$696                0         0             0
  init $flatten\gate.$auto$async2sync.cc:253:execute$698                1         1             1
  init $flatten\gold.$auto$async2sync.cc:253:execute$16               255        ff      11111111
  init $flatten\gold.$auto$async2sync.cc:253:execute$18               254        fe      11111110

** Trying induction with length 5 **

Setting up time step 9:
Final constraint equation: { } = { }
Imported 595 cells to SAT database.
Import proof for assert: $auto$miter.cc:241:create_miter_equiv$701 when 1'1.

[base case 5] Solving problem with 27174 variables and 71734 clauses..
Base case for induction length 5 proven.

Setting up time step 6:
Final constraint equation: { } = { }
Imported 595 cells to SAT database.
Import proof for assert: $auto$miter.cc:241:create_miter_equiv$701 when 1'1.

[induction step 5] Solving problem with 18732 variables and 49867 clauses..
Induction step failed. Incrementing induction length.

  Time Signal Name                                                    Dec       Hex           Bin
  ---- ------------------------------------------------------ ----------- --------- -------------
  init $flatten\gate.$auto$async2sync.cc:253:execute$668                1         1             1
  init $flatten\gate.$auto$async2sync.cc:253:execute$670                1         1             1
  init $flatten\gate.$auto$async2sync.cc:253:execute$672                0         0             0
  init $flatten\gate.$auto$async2sync.cc:253:execute$674                1         1             1
  init $flatten\gate.$auto$async2sync.cc:253:execute$676                0         0             0
  init $flatten\gate.$auto$async2sync.cc:253:execute$678                0         0             0
  init $flatten\gate.$auto$async2sync.cc:253:execute$680                1         1             1
  init $flatten\gate.$auto$async2sync.cc:253:execute$682                0         0             0
  init $flatten\gate.$auto$async2sync.cc:253:execute$684                1         1             1
  init $flatten\gate.$auto$async2sync.cc:253:execute$686                0         0             0
  init $flatten\gate.$auto$async2sync.cc:253:execute$688                1         1             1
  init $flatten\gate.$auto$async2sync.cc:253:execute$690                1         1             1
  init $flatten\gate.$auto$async2sync.cc:253:execute$692                1         1             1
  init $flatten\gate.$auto$async2sync.cc:253:execute$694                0         0             0
  init $flatten\gate.$auto$async2sync.cc:253:execute$696                0         0             0
  init $flatten\gate.$auto$async2sync.cc:253:execute$698                1         1             1
  init $flatten\gold.$auto$async2sync.cc:253:execute$16               255        ff      11111111
  init $flatten\gold.$auto$async2sync.cc:253:execute$18               255        ff      11111111

** Trying induction with length 6 **

Setting up time step 10:
Final constraint equation: { } = { }
Imported 595 cells to SAT database.
Import proof for assert: $auto$miter.cc:241:create_miter_equiv$701 when 1'1.

[base case 6] Solving problem with 30581 variables and 80989 clauses..
Base case for induction length 6 proven.

Setting up time step 7:
Final constraint equation: { } = { }
Imported 595 cells to SAT database.
Import proof for assert: $auto$miter.cc:241:create_miter_equiv$701 when 1'1.

[induction step 6] Solving problem with 22236 variables and 59444 clauses..
Induction step failed. Incrementing induction length.

  Time Signal Name                                                    Dec       Hex           Bin
  ---- ------------------------------------------------------ ----------- --------- -------------
  init $flatten\gate.$auto$async2sync.cc:253:execute$668                1         1             1
  init $flatten\gate.$auto$async2sync.cc:253:execute$670                1         1             1
  init $flatten\gate.$auto$async2sync.cc:253:execute$672                0         0             0
  init $flatten\gate.$auto$async2sync.cc:253:execute$674                1         1             1
  init $flatten\gate.$auto$async2sync.cc:253:execute$676                0         0             0
  init $flatten\gate.$auto$async2sync.cc:253:execute$678                0         0             0
  init $flatten\gate.$auto$async2sync.cc:253:execute$680                1         1             1
  init $flatten\gate.$auto$async2sync.cc:253:execute$682                0         0             0
  init $flatten\gate.$auto$async2sync.cc:253:execute$684                1         1             1
  init $flatten\gate.$auto$async2sync.cc:253:execute$686                0         0             0
  init $flatten\gate.$auto$async2sync.cc:253:execute$688                1         1             1
  init $flatten\gate.$auto$async2sync.cc:253:execute$690                1         1             1
  init $flatten\gate.$auto$async2sync.cc:253:execute$692                1         1             1
  init $flatten\gate.$auto$async2sync.cc:253:execute$694                0         0             0
  init $flatten\gate.$auto$async2sync.cc:253:execute$696                0         0             0
  init $flatten\gate.$auto$async2sync.cc:253:execute$698                1         1             1
  init $flatten\gold.$auto$async2sync.cc:253:execute$16               255        ff      11111111
  init $flatten\gold.$auto$async2sync.cc:253:execute$18                 0         0      00000000

** Trying induction with length 7 **

Setting up time step 11:
Final constraint equation: { } = { }
Imported 595 cells to SAT database.
Import proof for assert: $auto$miter.cc:241:create_miter_equiv$701 when 1'1.

[base case 7] Solving problem with 34085 variables and 90566 clauses..
Base case for induction length 7 proven.

Setting up time step 8:
Final constraint equation: { } = { }
Imported 595 cells to SAT database.
Import proof for assert: $auto$miter.cc:241:create_miter_equiv$701 when 1'1.

[induction step 7] Solving problem with 25837 variables and 69343 clauses..
Induction step failed. Incrementing induction length.

  Time Signal Name                                                    Dec       Hex           Bin
  ---- ------------------------------------------------------ ----------- --------- -------------
  init $flatten\gate.$auto$async2sync.cc:253:execute$668                0         0             0
  init $flatten\gate.$auto$async2sync.cc:253:execute$670                1         1             1
  init $flatten\gate.$auto$async2sync.cc:253:execute$672                0         0             0
  init $flatten\gate.$auto$async2sync.cc:253:execute$674                1         1             1
  init $flatten\gate.$auto$async2sync.cc:253:execute$676                0         0             0
  init $flatten\gate.$auto$async2sync.cc:253:execute$678                0         0             0
  init $flatten\gate.$auto$async2sync.cc:253:execute$680                1         1             1
  init $flatten\gate.$auto$async2sync.cc:253:execute$682                0         0             0
  init $flatten\gate.$auto$async2sync.cc:253:execute$684                1         1             1
  init $flatten\gate.$auto$async2sync.cc:253:execute$686                1         1             1
  init $flatten\gate.$auto$async2sync.cc:253:execute$688                0         0             0
  init $flatten\gate.$auto$async2sync.cc:253:execute$690                1         1             1
  init $flatten\gate.$auto$async2sync.cc:253:execute$692                0         0             0
  init $flatten\gate.$auto$async2sync.cc:253:execute$694                0         0             0
  init $flatten\gate.$auto$async2sync.cc:253:execute$696                1         1             1
  init $flatten\gate.$auto$async2sync.cc:253:execute$698                0         0             0
  init $flatten\gold.$auto$async2sync.cc:253:execute$16                 0         0      00000000
  init $flatten\gold.$auto$async2sync.cc:253:execute$18               255        ff      11111111

** Trying induction with length 8 **

Setting up time step 12:
Final constraint equation: { } = { }
Imported 595 cells to SAT database.
Import proof for assert: $auto$miter.cc:241:create_miter_equiv$701 when 1'1.

[base case 8] Solving problem with 37686 variables and 100465 clauses..
Base case for induction length 8 proven.

Setting up time step 9:
Final constraint equation: { } = { }
Imported 595 cells to SAT database.
Import proof for assert: $auto$miter.cc:241:create_miter_equiv$701 when 1'1.

[induction step 8] Solving problem with 29535 variables and 79564 clauses..
Induction step failed. Incrementing induction length.

  Time Signal Name                                                    Dec       Hex           Bin
  ---- ------------------------------------------------------ ----------- --------- -------------
  init $flatten\gate.$auto$async2sync.cc:253:execute$668                0         0             0
  init $flatten\gate.$auto$async2sync.cc:253:execute$670                0         0             0
  init $flatten\gate.$auto$async2sync.cc:253:execute$672                0         0             0
  init $flatten\gate.$auto$async2sync.cc:253:execute$674                0         0             0
  init $flatten\gate.$auto$async2sync.cc:253:execute$676                1         1             1
  init $flatten\gate.$auto$async2sync.cc:253:execute$678                0         0             0
  init $flatten\gate.$auto$async2sync.cc:253:execute$680                0         0             0
  init $flatten\gate.$auto$async2sync.cc:253:execute$682                0         0             0
  init $flatten\gate.$auto$async2sync.cc:253:execute$684                1         1             1
  init $flatten\gate.$auto$async2sync.cc:253:execute$686                0         0             0
  init $flatten\gate.$auto$async2sync.cc:253:execute$688                1         1             1
  init $flatten\gate.$auto$async2sync.cc:253:execute$690                1         1             1
  init $flatten\gate.$auto$async2sync.cc:253:execute$692                0         0             0
  init $flatten\gate.$auto$async2sync.cc:253:execute$694                0         0             0
  init $flatten\gate.$auto$async2sync.cc:253:execute$696                0         0             0
  init $flatten\gate.$auto$async2sync.cc:253:execute$698                0         0             0
  init $flatten\gold.$auto$async2sync.cc:253:execute$16               255        ff      11111111
  init $flatten\gold.$auto$async2sync.cc:253:execute$18                 3         3      00000011

** Trying induction with length 9 **

Setting up time step 13:
Final constraint equation: { } = { }
Imported 595 cells to SAT database.
Import proof for assert: $auto$miter.cc:241:create_miter_equiv$701 when 1'1.

[base case 9] Solving problem with 41384 variables and 110686 clauses..
Base case for induction length 9 proven.

Setting up time step 10:
Final constraint equation: { } = { }
Imported 595 cells to SAT database.
Import proof for assert: $auto$miter.cc:241:create_miter_equiv$701 when 1'1.

[induction step 9] Solving problem with 33330 variables and 90107 clauses..
Induction step proven: SUCCESS!

                  /$$$$$$      /$$$$$$$$     /$$$$$$$    
                 /$$__  $$    | $$_____/    | $$__  $$   
                | $$  \ $$    | $$          | $$  \ $$   
                | $$  | $$    | $$$$$       | $$  | $$   
                | $$  | $$    | $$__/       | $$  | $$   
                | $$/$$ $$    | $$          | $$  | $$   
                |  $$$$$$/ /$$| $$$$$$$$ /$$| $$$$$$$//$$
                 \____ $$$|__/|________/|__/|_______/|__/
                       \__/                              

End of script. Logfile hash: b37108af4b, time: 0.40s, user: 0.37s, system: 0.03s, MEM: 71.44 MB peak
Yosys 0.68+post (git sha1 c12172fbae8af5e20f6fb52e3d4e92d56ed587b6, Release, AppleClang clang++ 17.0.0.17000604)
Time spent: 90% 1x sat (0 sec), 1% 5x read_verilog (0 sec), ...
